// Jest Snapshot v1, https://goo.gl/fbAQLP

exports[`renders 1`] = `
<div>
  <h1
    class="sc-eCImvq dRIUix"
  >
    Hello RAVE
  </h1>
</div>
`;
